2025-01-25T08:48:46.240+01:00  INFO 5092 --- [main] holiday.HolidayApplication               : Starting HolidayApplication using Java 17.0.13 with PID 5092 (D:\Documents\Development\Java\springboot\HolidayProject_V5\target\classes started by mezei in D:\Documents\Development\Java\springboot\HolidayProject_V5)
2025-01-25T08:48:46.259+01:00  INFO 5092 --- [main] holiday.HolidayApplication               : The following 1 profile is active: "dev"
2025-01-25T08:48:48.257+01:00  INFO 5092 --- [main] .s.d.r.c.RepositoryConfigurationDelegate : Bootstrapping Spring Data JPA repositories in DEFAULT mode.
2025-01-25T08:48:48.439+01:00  INFO 5092 --- [main] .s.d.r.c.RepositoryConfigurationDelegate : Finished Spring Data repository scanning in 151 ms. Found 6 JPA repository interfaces.
2025-01-25T08:48:49.877+01:00  INFO 5092 --- [main] o.s.b.w.embedded.tomcat.TomcatWebServer  : Tomcat initialized with port 8080 (http)
2025-01-25T08:48:49.903+01:00  INFO 5092 --- [main] o.apache.catalina.core.StandardService   : Starting service [Tomcat]
2025-01-25T08:48:49.904+01:00  INFO 5092 --- [main] o.apache.catalina.core.StandardEngine    : Starting Servlet engine: [Apache Tomcat/10.1.34]
2025-01-25T08:48:50.030+01:00  INFO 5092 --- [main] o.a.c.c.C.[Tomcat].[localhost].[/]       : Initializing Spring embedded WebApplicationContext
2025-01-25T08:48:50.032+01:00  INFO 5092 --- [main] w.s.c.ServletWebServerApplicationContext : Root WebApplicationContext: initialization completed in 3324 ms
2025-01-25T08:48:50.633+01:00  INFO 5092 --- [main] o.hibernate.jpa.internal.util.LogHelper  : HHH000204: Processing PersistenceUnitInfo [name: default]
2025-01-25T08:48:50.752+01:00  INFO 5092 --- [main] org.hibernate.Version                    : HHH000412: Hibernate ORM core version 6.6.4.Final
2025-01-25T08:48:50.818+01:00  INFO 5092 --- [main] o.h.c.internal.RegionFactoryInitiator    : HHH000026: Second-level cache disabled
2025-01-25T08:48:51.466+01:00  INFO 5092 --- [main] o.s.o.j.p.SpringPersistenceUnitInfo      : No LoadTimeWeaver setup: ignoring JPA class transformer
2025-01-25T08:48:51.532+01:00  INFO 5092 --- [main] com.zaxxer.hikari.HikariDataSource       : HikariPool-1 - Starting...
2025-01-25T08:48:51.890+01:00  INFO 5092 --- [main] com.zaxxer.hikari.pool.HikariPool        : HikariPool-1 - Added connection conn0: url=jdbc:h2:file:./leaveSystemDB user=SA
2025-01-25T08:48:51.900+01:00  INFO 5092 --- [main] com.zaxxer.hikari.HikariDataSource       : HikariPool-1 - Start completed.
2025-01-25T08:48:52.021+01:00  INFO 5092 --- [main] org.hibernate.orm.connections.pooling    : HHH10001005: Database info:
	Database JDBC URL [Connecting through datasource 'HikariDataSource (HikariPool-1)']
	Database driver: undefined/unknown
	Database version: 2.2.220
	Autocommit mode: undefined/unknown
	Isolation level: undefined/unknown
	Minimum pool size: undefined/unknown
	Maximum pool size: undefined/unknown
2025-01-25T08:48:53.776+01:00  INFO 5092 --- [main] o.h.e.t.j.p.i.JtaPlatformInitiator       : HHH000489: No JTA platform available (set 'hibernate.transaction.jta.platform' to enable JTA platform integration)
2025-01-25T08:48:53.889+01:00  INFO 5092 --- [main] j.LocalContainerEntityManagerFactoryBean : Initialized JPA EntityManagerFactory for persistence unit 'default'
2025-01-25T08:48:55.541+01:00  INFO 5092 --- [main] r$InitializeUserDetailsManagerConfigurer : Global AuthenticationManager configured with UserDetailsService bean with name userService
2025-01-25T08:48:55.591+01:00  WARN 5092 --- [main] JpaBaseConfiguration$JpaWebConfiguration : spring.jpa.open-in-view is enabled by default. Therefore, database queries may be performed during view rendering. Explicitly configure spring.jpa.open-in-view to disable this warning
2025-01-25T08:48:55.788+01:00  INFO 5092 --- [main] o.s.b.a.w.s.WelcomePageHandlerMapping    : Adding welcome page template: index
2025-01-25T08:48:56.488+01:00  INFO 5092 --- [main] o.s.b.a.e.web.EndpointLinksResolver      : Exposing 1 endpoint beneath base path '/actuator'
2025-01-25T08:48:56.538+01:00  WARN 5092 --- [main] thorizationManagerRequestMatcherRegistry : One of the patterns in [/error, calendar/**] is missing a leading slash. This is discouraged; please include the leading slash in all your request matcher patterns. In future versions of Spring Security, leaving out the leading slash will result in an exception.
2025-01-25T08:48:57.184+01:00  INFO 5092 --- [main] o.s.b.a.h2.H2ConsoleAutoConfiguration    : H2 console available at '/db'. Database available at 'jdbc:h2:file:./leaveSystemDB'
2025-01-25T08:48:57.431+01:00  INFO 5092 --- [main] o.s.b.w.embedded.tomcat.TomcatWebServer  : Tomcat started on port 8080 (http) with context path '/'
2025-01-25T08:48:57.449+01:00  INFO 5092 --- [main] holiday.HolidayApplication               : Started HolidayApplication in 11.84 seconds (process running for 12.844)
2025-01-25T08:48:57.829+01:00  INFO 5092 --- [RMI TCP Connection(2)-127.0.0.1] o.a.c.c.C.[Tomcat].[localhost].[/]       : Initializing Spring DispatcherServlet 'dispatcherServlet'
2025-01-25T08:48:57.830+01:00  INFO 5092 --- [RMI TCP Connection(2)-127.0.0.1] o.s.web.servlet.DispatcherServlet        : Initializing Servlet 'dispatcherServlet'
2025-01-25T08:48:57.833+01:00  INFO 5092 --- [RMI TCP Connection(2)-127.0.0.1] o.s.web.servlet.DispatcherServlet        : Completed initialization in 2 ms
2025-01-25T08:49:48.993+01:00  WARN 5092 --- [http-nio-8080-exec-2] o.a.c.util.SessionIdGeneratorBase        : Creation of SecureRandom instance for session ID generation using [SHA1PRNG] took [264] milliseconds.
2025-01-25T08:50:06.377+01:00  WARN 5092 --- [http-nio-8080-exec-7] .w.s.m.s.DefaultHandlerExceptionResolver : Resolved [org.springframework.web.HttpRequestMethodNotSupportedException: Request method 'POST' is not supported]
2025-01-25T08:51:22.821+01:00  WARN 5092 --- [http-nio-8080-exec-8] .w.s.m.s.DefaultHandlerExceptionResolver : Resolved [org.springframework.web.HttpRequestMethodNotSupportedException: Request method 'POST' is not supported]
2025-01-25T08:54:21.398+01:00  WARN 5092 --- [http-nio-8080-exec-10] .w.s.m.s.DefaultHandlerExceptionResolver : Resolved [org.springframework.web.HttpRequestMethodNotSupportedException: Request method 'POST' is not supported]
2025-01-25T08:54:53.606+01:00  WARN 5092 --- [http-nio-8080-exec-5] .w.s.m.s.DefaultHandlerExceptionResolver : Resolved [org.springframework.web.HttpRequestMethodNotSupportedException: Request method 'POST' is not supported]
2025-01-25T08:55:40.912+01:00  WARN 5092 --- [http-nio-8080-exec-5] .w.s.m.s.DefaultHandlerExceptionResolver : Resolved [org.springframework.web.HttpRequestMethodNotSupportedException: Request method 'POST' is not supported]
2025-01-25T08:57:00.468+01:00  WARN 5092 --- [http-nio-8080-exec-3] .w.s.m.s.DefaultHandlerExceptionResolver : Resolved [org.springframework.web.HttpRequestMethodNotSupportedException: Request method 'POST' is not supported]
2025-01-25T09:14:45.153+01:00  INFO 8392 --- [main] holiday.HolidayApplication               : Starting HolidayApplication using Java 17.0.13 with PID 8392 (D:\Documents\Development\Java\springboot\HolidayProject_V5\target\classes started by mezei in D:\Documents\Development\Java\springboot\HolidayProject_V5)
2025-01-25T09:14:45.157+01:00  INFO 8392 --- [main] holiday.HolidayApplication               : The following 1 profile is active: "dev"
2025-01-25T09:14:46.997+01:00  INFO 8392 --- [main] .s.d.r.c.RepositoryConfigurationDelegate : Bootstrapping Spring Data JPA repositories in DEFAULT mode.
2025-01-25T09:14:47.126+01:00  INFO 8392 --- [main] .s.d.r.c.RepositoryConfigurationDelegate : Finished Spring Data repository scanning in 111 ms. Found 6 JPA repository interfaces.
2025-01-25T09:14:48.423+01:00  INFO 8392 --- [main] o.s.b.w.embedded.tomcat.TomcatWebServer  : Tomcat initialized with port 8080 (http)
2025-01-25T09:14:48.446+01:00  INFO 8392 --- [main] o.apache.catalina.core.StandardService   : Starting service [Tomcat]
2025-01-25T09:14:48.448+01:00  INFO 8392 --- [main] o.apache.catalina.core.StandardEngine    : Starting Servlet engine: [Apache Tomcat/10.1.34]
2025-01-25T09:14:48.558+01:00  INFO 8392 --- [main] o.a.c.c.C.[Tomcat].[localhost].[/]       : Initializing Spring embedded WebApplicationContext
2025-01-25T09:14:48.559+01:00  INFO 8392 --- [main] w.s.c.ServletWebServerApplicationContext : Root WebApplicationContext: initialization completed in 2984 ms
2025-01-25T09:14:49.111+01:00  INFO 8392 --- [main] o.hibernate.jpa.internal.util.LogHelper  : HHH000204: Processing PersistenceUnitInfo [name: default]
2025-01-25T09:14:49.214+01:00  INFO 8392 --- [main] org.hibernate.Version                    : HHH000412: Hibernate ORM core version 6.6.4.Final
2025-01-25T09:14:49.300+01:00  INFO 8392 --- [main] o.h.c.internal.RegionFactoryInitiator    : HHH000026: Second-level cache disabled
2025-01-25T09:14:49.743+01:00  INFO 8392 --- [main] o.s.o.j.p.SpringPersistenceUnitInfo      : No LoadTimeWeaver setup: ignoring JPA class transformer
2025-01-25T09:14:49.801+01:00  INFO 8392 --- [main] com.zaxxer.hikari.HikariDataSource       : HikariPool-1 - Starting...
2025-01-25T09:14:50.149+01:00  INFO 8392 --- [main] com.zaxxer.hikari.pool.HikariPool        : HikariPool-1 - Added connection conn0: url=jdbc:h2:file:./leaveSystemDB user=SA
2025-01-25T09:14:50.159+01:00  INFO 8392 --- [main] com.zaxxer.hikari.HikariDataSource       : HikariPool-1 - Start completed.
2025-01-25T09:14:50.264+01:00  INFO 8392 --- [main] org.hibernate.orm.connections.pooling    : HHH10001005: Database info:
	Database JDBC URL [Connecting through datasource 'HikariDataSource (HikariPool-1)']
	Database driver: undefined/unknown
	Database version: 2.2.220
	Autocommit mode: undefined/unknown
	Isolation level: undefined/unknown
	Minimum pool size: undefined/unknown
	Maximum pool size: undefined/unknown
2025-01-25T09:14:51.911+01:00  INFO 8392 --- [main] o.h.e.t.j.p.i.JtaPlatformInitiator       : HHH000489: No JTA platform available (set 'hibernate.transaction.jta.platform' to enable JTA platform integration)
2025-01-25T09:14:52.024+01:00  INFO 8392 --- [main] j.LocalContainerEntityManagerFactoryBean : Initialized JPA EntityManagerFactory for persistence unit 'default'
2025-01-25T09:14:53.507+01:00  INFO 8392 --- [main] r$InitializeUserDetailsManagerConfigurer : Global AuthenticationManager configured with UserDetailsService bean with name userService
2025-01-25T09:14:53.542+01:00  WARN 8392 --- [main] JpaBaseConfiguration$JpaWebConfiguration : spring.jpa.open-in-view is enabled by default. Therefore, database queries may be performed during view rendering. Explicitly configure spring.jpa.open-in-view to disable this warning
2025-01-25T09:14:53.727+01:00  INFO 8392 --- [main] o.s.b.a.w.s.WelcomePageHandlerMapping    : Adding welcome page template: index
2025-01-25T09:14:54.470+01:00  INFO 8392 --- [main] o.s.b.a.e.web.EndpointLinksResolver      : Exposing 1 endpoint beneath base path '/actuator'
2025-01-25T09:14:54.537+01:00  WARN 8392 --- [main] thorizationManagerRequestMatcherRegistry : One of the patterns in [/error, calendar/**] is missing a leading slash. This is discouraged; please include the leading slash in all your request matcher patterns. In future versions of Spring Security, leaving out the leading slash will result in an exception.
2025-01-25T09:14:55.215+01:00  INFO 8392 --- [main] o.s.b.a.h2.H2ConsoleAutoConfiguration    : H2 console available at '/db'. Database available at 'jdbc:h2:file:./leaveSystemDB'
2025-01-25T09:14:55.452+01:00  INFO 8392 --- [main] o.s.b.w.embedded.tomcat.TomcatWebServer  : Tomcat started on port 8080 (http) with context path '/'
2025-01-25T09:14:55.472+01:00  INFO 8392 --- [main] holiday.HolidayApplication               : Started HolidayApplication in 10.961 seconds (process running for 11.888)
2025-01-25T09:14:56.655+01:00  INFO 8392 --- [RMI TCP Connection(2)-127.0.0.1] o.a.c.c.C.[Tomcat].[localhost].[/]       : Initializing Spring DispatcherServlet 'dispatcherServlet'
2025-01-25T09:14:56.656+01:00  INFO 8392 --- [RMI TCP Connection(2)-127.0.0.1] o.s.web.servlet.DispatcherServlet        : Initializing Servlet 'dispatcherServlet'
2025-01-25T09:14:56.659+01:00  INFO 8392 --- [RMI TCP Connection(2)-127.0.0.1] o.s.web.servlet.DispatcherServlet        : Completed initialization in 2 ms
2025-01-25T09:15:28.520+01:00  WARN 8392 --- [http-nio-8080-exec-8] .w.s.m.s.DefaultHandlerExceptionResolver : Resolved [org.springframework.web.HttpRequestMethodNotSupportedException: Request method 'POST' is not supported]
2025-01-25T09:40:49.866+01:00  WARN 8392 --- [HikariPool-1 housekeeper] com.zaxxer.hikari.pool.HikariPool        : HikariPool-1 - Thread starvation or clock leap detected (housekeeper delta=5m59s296ms519µs100ns).
2025-01-25T09:44:08.457+01:00  INFO 6108 --- [main] holiday.HolidayApplication               : Starting HolidayApplication using Java 17.0.13 with PID 6108 (D:\Documents\Development\Java\springboot\HolidayProject_V5\target\classes started by mezei in D:\Documents\Development\Java\springboot\HolidayProject_V5)
2025-01-25T09:44:08.464+01:00  INFO 6108 --- [main] holiday.HolidayApplication               : The following 1 profile is active: "dev"
2025-01-25T09:44:10.363+01:00  INFO 6108 --- [main] .s.d.r.c.RepositoryConfigurationDelegate : Bootstrapping Spring Data JPA repositories in DEFAULT mode.
2025-01-25T09:44:10.510+01:00  INFO 6108 --- [main] .s.d.r.c.RepositoryConfigurationDelegate : Finished Spring Data repository scanning in 128 ms. Found 6 JPA repository interfaces.
2025-01-25T09:44:11.824+01:00  INFO 6108 --- [main] o.s.b.w.embedded.tomcat.TomcatWebServer  : Tomcat initialized with port 8080 (http)
2025-01-25T09:44:11.846+01:00  INFO 6108 --- [main] o.apache.catalina.core.StandardService   : Starting service [Tomcat]
2025-01-25T09:44:11.847+01:00  INFO 6108 --- [main] o.apache.catalina.core.StandardEngine    : Starting Servlet engine: [Apache Tomcat/10.1.34]
2025-01-25T09:44:11.962+01:00  INFO 6108 --- [main] o.a.c.c.C.[Tomcat].[localhost].[/]       : Initializing Spring embedded WebApplicationContext
2025-01-25T09:44:11.963+01:00  INFO 6108 --- [main] w.s.c.ServletWebServerApplicationContext : Root WebApplicationContext: initialization completed in 3125 ms
2025-01-25T09:44:12.504+01:00  INFO 6108 --- [main] o.hibernate.jpa.internal.util.LogHelper  : HHH000204: Processing PersistenceUnitInfo [name: default]
2025-01-25T09:44:12.619+01:00  INFO 6108 --- [main] org.hibernate.Version                    : HHH000412: Hibernate ORM core version 6.6.4.Final
2025-01-25T09:44:12.690+01:00  INFO 6108 --- [main] o.h.c.internal.RegionFactoryInitiator    : HHH000026: Second-level cache disabled
2025-01-25T09:44:13.216+01:00  INFO 6108 --- [main] o.s.o.j.p.SpringPersistenceUnitInfo      : No LoadTimeWeaver setup: ignoring JPA class transformer
2025-01-25T09:44:13.282+01:00  INFO 6108 --- [main] com.zaxxer.hikari.HikariDataSource       : HikariPool-1 - Starting...
2025-01-25T09:44:13.623+01:00  INFO 6108 --- [main] com.zaxxer.hikari.pool.HikariPool        : HikariPool-1 - Added connection conn0: url=jdbc:h2:file:./leaveSystemDB user=SA
2025-01-25T09:44:13.627+01:00  INFO 6108 --- [main] com.zaxxer.hikari.HikariDataSource       : HikariPool-1 - Start completed.
2025-01-25T09:44:13.756+01:00  INFO 6108 --- [main] org.hibernate.orm.connections.pooling    : HHH10001005: Database info:
	Database JDBC URL [Connecting through datasource 'HikariDataSource (HikariPool-1)']
	Database driver: undefined/unknown
	Database version: 2.2.220
	Autocommit mode: undefined/unknown
	Isolation level: undefined/unknown
	Minimum pool size: undefined/unknown
	Maximum pool size: undefined/unknown
2025-01-25T09:44:15.398+01:00  INFO 6108 --- [main] o.h.e.t.j.p.i.JtaPlatformInitiator       : HHH000489: No JTA platform available (set 'hibernate.transaction.jta.platform' to enable JTA platform integration)
2025-01-25T09:44:15.473+01:00  INFO 6108 --- [main] j.LocalContainerEntityManagerFactoryBean : Initialized JPA EntityManagerFactory for persistence unit 'default'
2025-01-25T09:44:16.928+01:00  INFO 6108 --- [main] r$InitializeUserDetailsManagerConfigurer : Global AuthenticationManager configured with UserDetailsService bean with name userService
2025-01-25T09:44:16.973+01:00  WARN 6108 --- [main] JpaBaseConfiguration$JpaWebConfiguration : spring.jpa.open-in-view is enabled by default. Therefore, database queries may be performed during view rendering. Explicitly configure spring.jpa.open-in-view to disable this warning
2025-01-25T09:44:17.208+01:00  INFO 6108 --- [main] o.s.b.a.w.s.WelcomePageHandlerMapping    : Adding welcome page template: index
2025-01-25T09:44:17.886+01:00  INFO 6108 --- [main] o.s.b.a.e.web.EndpointLinksResolver      : Exposing 1 endpoint beneath base path '/actuator'
2025-01-25T09:44:17.962+01:00  WARN 6108 --- [main] thorizationManagerRequestMatcherRegistry : One of the patterns in [/error, calendar/**] is missing a leading slash. This is discouraged; please include the leading slash in all your request matcher patterns. In future versions of Spring Security, leaving out the leading slash will result in an exception.
2025-01-25T09:44:18.568+01:00  INFO 6108 --- [main] o.s.b.a.h2.H2ConsoleAutoConfiguration    : H2 console available at '/db'. Database available at 'jdbc:h2:file:./leaveSystemDB'
2025-01-25T09:44:18.796+01:00  INFO 6108 --- [main] o.s.b.w.embedded.tomcat.TomcatWebServer  : Tomcat started on port 8080 (http) with context path '/'
2025-01-25T09:44:18.823+01:00  INFO 6108 --- [main] holiday.HolidayApplication               : Started HolidayApplication in 11.006 seconds (process running for 11.985)
2025-01-25T09:44:19.850+01:00  INFO 6108 --- [RMI TCP Connection(2)-127.0.0.1] o.a.c.c.C.[Tomcat].[localhost].[/]       : Initializing Spring DispatcherServlet 'dispatcherServlet'
2025-01-25T09:44:19.851+01:00  INFO 6108 --- [RMI TCP Connection(2)-127.0.0.1] o.s.web.servlet.DispatcherServlet        : Initializing Servlet 'dispatcherServlet'
2025-01-25T09:44:19.853+01:00  INFO 6108 --- [RMI TCP Connection(2)-127.0.0.1] o.s.web.servlet.DispatcherServlet        : Completed initialization in 1 ms
2025-01-25T09:44:29.943+01:00  WARN 6108 --- [http-nio-8080-exec-1] o.a.c.util.SessionIdGeneratorBase        : Creation of SecureRandom instance for session ID generation using [SHA1PRNG] took [110] milliseconds.
2025-01-25T09:44:57.051+01:00  WARN 6108 --- [http-nio-8080-exec-7] .w.s.m.s.DefaultHandlerExceptionResolver : Resolved [org.springframework.web.HttpRequestMethodNotSupportedException: Request method 'POST' is not supported]
2025-01-25T09:45:21.871+01:00  WARN 6108 --- [http-nio-8080-exec-3] .w.s.m.s.DefaultHandlerExceptionResolver : Resolved [org.springframework.web.HttpRequestMethodNotSupportedException: Request method 'POST' is not supported]
2025-01-25T09:47:11.978+01:00  INFO 15000 --- [main] holiday.HolidayApplication               : Starting HolidayApplication using Java 17.0.13 with PID 15000 (D:\Documents\Development\Java\springboot\HolidayProject_V5\target\classes started by mezei in D:\Documents\Development\Java\springboot\HolidayProject_V5)
2025-01-25T09:47:11.986+01:00  INFO 15000 --- [main] holiday.HolidayApplication               : The following 1 profile is active: "dev"
2025-01-25T09:47:13.919+01:00  INFO 15000 --- [main] .s.d.r.c.RepositoryConfigurationDelegate : Bootstrapping Spring Data JPA repositories in DEFAULT mode.
2025-01-25T09:47:14.020+01:00  INFO 15000 --- [main] .s.d.r.c.RepositoryConfigurationDelegate : Finished Spring Data repository scanning in 85 ms. Found 6 JPA repository interfaces.
2025-01-25T09:47:15.291+01:00  INFO 15000 --- [main] o.s.b.w.embedded.tomcat.TomcatWebServer  : Tomcat initialized with port 8080 (http)
2025-01-25T09:47:15.314+01:00  INFO 15000 --- [main] o.apache.catalina.core.StandardService   : Starting service [Tomcat]
2025-01-25T09:47:15.314+01:00  INFO 15000 --- [main] o.apache.catalina.core.StandardEngine    : Starting Servlet engine: [Apache Tomcat/10.1.34]
2025-01-25T09:47:15.424+01:00  INFO 15000 --- [main] o.a.c.c.C.[Tomcat].[localhost].[/]       : Initializing Spring embedded WebApplicationContext
2025-01-25T09:47:15.425+01:00  INFO 15000 --- [main] w.s.c.ServletWebServerApplicationContext : Root WebApplicationContext: initialization completed in 2959 ms
2025-01-25T09:47:15.965+01:00  INFO 15000 --- [main] o.hibernate.jpa.internal.util.LogHelper  : HHH000204: Processing PersistenceUnitInfo [name: default]
2025-01-25T09:47:16.083+01:00  INFO 15000 --- [main] org.hibernate.Version                    : HHH000412: Hibernate ORM core version 6.6.4.Final
2025-01-25T09:47:16.144+01:00  INFO 15000 --- [main] o.h.c.internal.RegionFactoryInitiator    : HHH000026: Second-level cache disabled
2025-01-25T09:47:16.655+01:00  INFO 15000 --- [main] o.s.o.j.p.SpringPersistenceUnitInfo      : No LoadTimeWeaver setup: ignoring JPA class transformer
2025-01-25T09:47:16.708+01:00  INFO 15000 --- [main] com.zaxxer.hikari.HikariDataSource       : HikariPool-1 - Starting...
2025-01-25T09:47:17.076+01:00  INFO 15000 --- [main] com.zaxxer.hikari.pool.HikariPool        : HikariPool-1 - Added connection conn0: url=jdbc:h2:file:./leaveSystemDB user=SA
2025-01-25T09:47:17.080+01:00  INFO 15000 --- [main] com.zaxxer.hikari.HikariDataSource       : HikariPool-1 - Start completed.
2025-01-25T09:47:17.195+01:00  INFO 15000 --- [main] org.hibernate.orm.connections.pooling    : HHH10001005: Database info:
	Database JDBC URL [Connecting through datasource 'HikariDataSource (HikariPool-1)']
	Database driver: undefined/unknown
	Database version: 2.2.220
	Autocommit mode: undefined/unknown
	Isolation level: undefined/unknown
	Minimum pool size: undefined/unknown
	Maximum pool size: undefined/unknown
2025-01-25T09:47:18.815+01:00  INFO 15000 --- [main] o.h.e.t.j.p.i.JtaPlatformInitiator       : HHH000489: No JTA platform available (set 'hibernate.transaction.jta.platform' to enable JTA platform integration)
2025-01-25T09:47:18.931+01:00  INFO 15000 --- [main] j.LocalContainerEntityManagerFactoryBean : Initialized JPA EntityManagerFactory for persistence unit 'default'
2025-01-25T09:47:20.299+01:00  INFO 15000 --- [main] r$InitializeUserDetailsManagerConfigurer : Global AuthenticationManager configured with UserDetailsService bean with name userService
2025-01-25T09:47:20.363+01:00  WARN 15000 --- [main] JpaBaseConfiguration$JpaWebConfiguration : spring.jpa.open-in-view is enabled by default. Therefore, database queries may be performed during view rendering. Explicitly configure spring.jpa.open-in-view to disable this warning
2025-01-25T09:47:20.561+01:00  INFO 15000 --- [main] o.s.b.a.w.s.WelcomePageHandlerMapping    : Adding welcome page template: index
2025-01-25T09:47:21.309+01:00  INFO 15000 --- [main] o.s.b.a.e.web.EndpointLinksResolver      : Exposing 1 endpoint beneath base path '/actuator'
2025-01-25T09:47:21.373+01:00  WARN 15000 --- [main] thorizationManagerRequestMatcherRegistry : One of the patterns in [/error, calendar/**] is missing a leading slash. This is discouraged; please include the leading slash in all your request matcher patterns. In future versions of Spring Security, leaving out the leading slash will result in an exception.
2025-01-25T09:47:22.040+01:00  INFO 15000 --- [main] o.s.b.a.h2.H2ConsoleAutoConfiguration    : H2 console available at '/db'. Database available at 'jdbc:h2:file:./leaveSystemDB'
2025-01-25T09:47:22.268+01:00  INFO 15000 --- [main] o.s.b.w.embedded.tomcat.TomcatWebServer  : Tomcat started on port 8080 (http) with context path '/'
2025-01-25T09:47:22.294+01:00  INFO 15000 --- [main] holiday.HolidayApplication               : Started HolidayApplication in 11.129 seconds (process running for 12.201)
2025-01-25T09:47:23.201+01:00  INFO 15000 --- [RMI TCP Connection(2)-127.0.0.1] o.a.c.c.C.[Tomcat].[localhost].[/]       : Initializing Spring DispatcherServlet 'dispatcherServlet'
2025-01-25T09:47:23.202+01:00  INFO 15000 --- [RMI TCP Connection(2)-127.0.0.1] o.s.web.servlet.DispatcherServlet        : Initializing Servlet 'dispatcherServlet'
2025-01-25T09:47:23.205+01:00  INFO 15000 --- [RMI TCP Connection(2)-127.0.0.1] o.s.web.servlet.DispatcherServlet        : Completed initialization in 2 ms
2025-01-25T09:47:42.627+01:00  WARN 15000 --- [http-nio-8080-exec-3] .w.s.m.s.DefaultHandlerExceptionResolver : Resolved [org.springframework.web.HttpRequestMethodNotSupportedException: Request method 'POST' is not supported]
2025-01-25T10:06:38.238+01:00  INFO 9700 --- [main] holiday.HolidayApplication               : Starting HolidayApplication using Java 17.0.13 with PID 9700 (D:\Documents\Development\Java\springboot\HolidayProject_V5\target\classes started by mezei in D:\Documents\Development\Java\springboot\HolidayProject_V5)
2025-01-25T10:06:38.243+01:00  INFO 9700 --- [main] holiday.HolidayApplication               : The following 1 profile is active: "dev"
2025-01-25T10:06:39.973+01:00  INFO 9700 --- [main] .s.d.r.c.RepositoryConfigurationDelegate : Bootstrapping Spring Data JPA repositories in DEFAULT mode.
2025-01-25T10:06:40.078+01:00  INFO 9700 --- [main] .s.d.r.c.RepositoryConfigurationDelegate : Finished Spring Data repository scanning in 92 ms. Found 6 JPA repository interfaces.
2025-01-25T10:06:41.482+01:00  INFO 9700 --- [main] o.s.b.w.embedded.tomcat.TomcatWebServer  : Tomcat initialized with port 8080 (http)
2025-01-25T10:06:41.502+01:00  INFO 9700 --- [main] o.apache.catalina.core.StandardService   : Starting service [Tomcat]
2025-01-25T10:06:41.503+01:00  INFO 9700 --- [main] o.apache.catalina.core.StandardEngine    : Starting Servlet engine: [Apache Tomcat/10.1.34]
2025-01-25T10:06:41.630+01:00  INFO 9700 --- [main] o.a.c.c.C.[Tomcat].[localhost].[/]       : Initializing Spring embedded WebApplicationContext
2025-01-25T10:06:41.632+01:00  INFO 9700 --- [main] w.s.c.ServletWebServerApplicationContext : Root WebApplicationContext: initialization completed in 3002 ms
2025-01-25T10:06:42.249+01:00  INFO 9700 --- [main] o.hibernate.jpa.internal.util.LogHelper  : HHH000204: Processing PersistenceUnitInfo [name: default]
2025-01-25T10:06:42.370+01:00  INFO 9700 --- [main] org.hibernate.Version                    : HHH000412: Hibernate ORM core version 6.6.4.Final
2025-01-25T10:06:42.458+01:00  INFO 9700 --- [main] o.h.c.internal.RegionFactoryInitiator    : HHH000026: Second-level cache disabled
2025-01-25T10:06:42.995+01:00  INFO 9700 --- [main] o.s.o.j.p.SpringPersistenceUnitInfo      : No LoadTimeWeaver setup: ignoring JPA class transformer
2025-01-25T10:06:43.083+01:00  INFO 9700 --- [main] com.zaxxer.hikari.HikariDataSource       : HikariPool-1 - Starting...
2025-01-25T10:06:43.659+01:00  INFO 9700 --- [main] com.zaxxer.hikari.pool.HikariPool        : HikariPool-1 - Added connection conn0: url=jdbc:h2:file:./leaveSystemDB user=SA
2025-01-25T10:06:43.663+01:00  INFO 9700 --- [main] com.zaxxer.hikari.HikariDataSource       : HikariPool-1 - Start completed.
2025-01-25T10:06:43.779+01:00  INFO 9700 --- [main] org.hibernate.orm.connections.pooling    : HHH10001005: Database info:
	Database JDBC URL [Connecting through datasource 'HikariDataSource (HikariPool-1)']
	Database driver: undefined/unknown
	Database version: 2.2.220
	Autocommit mode: undefined/unknown
	Isolation level: undefined/unknown
	Minimum pool size: undefined/unknown
	Maximum pool size: undefined/unknown
2025-01-25T10:06:45.715+01:00  INFO 9700 --- [main] o.h.e.t.j.p.i.JtaPlatformInitiator       : HHH000489: No JTA platform available (set 'hibernate.transaction.jta.platform' to enable JTA platform integration)
2025-01-25T10:06:45.814+01:00  INFO 9700 --- [main] j.LocalContainerEntityManagerFactoryBean : Initialized JPA EntityManagerFactory for persistence unit 'default'
2025-01-25T10:06:47.521+01:00  INFO 9700 --- [main] r$InitializeUserDetailsManagerConfigurer : Global AuthenticationManager configured with UserDetailsService bean with name userService
2025-01-25T10:06:47.556+01:00  WARN 9700 --- [main] JpaBaseConfiguration$JpaWebConfiguration : spring.jpa.open-in-view is enabled by default. Therefore, database queries may be performed during view rendering. Explicitly configure spring.jpa.open-in-view to disable this warning
2025-01-25T10:06:47.778+01:00  INFO 9700 --- [main] o.s.b.a.w.s.WelcomePageHandlerMapping    : Adding welcome page template: index
2025-01-25T10:06:48.509+01:00  INFO 9700 --- [main] o.s.b.a.e.web.EndpointLinksResolver      : Exposing 1 endpoint beneath base path '/actuator'
2025-01-25T10:06:48.575+01:00  WARN 9700 --- [main] thorizationManagerRequestMatcherRegistry : One of the patterns in [/error, calendar/**] is missing a leading slash. This is discouraged; please include the leading slash in all your request matcher patterns. In future versions of Spring Security, leaving out the leading slash will result in an exception.
2025-01-25T10:06:49.332+01:00  INFO 9700 --- [main] o.s.b.a.h2.H2ConsoleAutoConfiguration    : H2 console available at '/db'. Database available at 'jdbc:h2:file:./leaveSystemDB'
2025-01-25T10:06:49.586+01:00  INFO 9700 --- [main] o.s.b.w.embedded.tomcat.TomcatWebServer  : Tomcat started on port 8080 (http) with context path '/'
2025-01-25T10:06:49.634+01:00  INFO 9700 --- [main] holiday.HolidayApplication               : Started HolidayApplication in 12.107 seconds (process running for 13.078)
2025-01-25T10:06:49.810+01:00  INFO 9700 --- [RMI TCP Connection(2)-127.0.0.1] o.a.c.c.C.[Tomcat].[localhost].[/]       : Initializing Spring DispatcherServlet 'dispatcherServlet'
2025-01-25T10:06:49.811+01:00  INFO 9700 --- [RMI TCP Connection(2)-127.0.0.1] o.s.web.servlet.DispatcherServlet        : Initializing Servlet 'dispatcherServlet'
2025-01-25T10:06:49.814+01:00  INFO 9700 --- [RMI TCP Connection(2)-127.0.0.1] o.s.web.servlet.DispatcherServlet        : Completed initialization in 2 ms
2025-01-25T10:29:19.172+01:00  WARN 9700 --- [HikariPool-1 housekeeper] com.zaxxer.hikari.pool.HikariPool        : HikariPool-1 - Thread starvation or clock leap detected (housekeeper delta=1m5s56ms779µs900ns).
2025-01-25T10:51:52.956+01:00  INFO 12652 --- [main] holiday.HolidayApplication               : Starting HolidayApplication using Java 17.0.13 with PID 12652 (D:\Documents\Development\Java\springboot\HolidayProject_V5\target\classes started by mezei in D:\Documents\Development\Java\springboot\HolidayProject_V5)
2025-01-25T10:51:52.963+01:00  INFO 12652 --- [main] holiday.HolidayApplication               : The following 1 profile is active: "dev"
2025-01-25T10:51:54.743+01:00  INFO 12652 --- [main] .s.d.r.c.RepositoryConfigurationDelegate : Bootstrapping Spring Data JPA repositories in DEFAULT mode.
2025-01-25T10:51:54.874+01:00  INFO 12652 --- [main] .s.d.r.c.RepositoryConfigurationDelegate : Finished Spring Data repository scanning in 110 ms. Found 6 JPA repository interfaces.
2025-01-25T10:51:56.096+01:00  INFO 12652 --- [main] o.s.b.w.embedded.tomcat.TomcatWebServer  : Tomcat initialized with port 8080 (http)
2025-01-25T10:51:56.114+01:00  INFO 12652 --- [main] o.apache.catalina.core.StandardService   : Starting service [Tomcat]
2025-01-25T10:51:56.116+01:00  INFO 12652 --- [main] o.apache.catalina.core.StandardEngine    : Starting Servlet engine: [Apache Tomcat/10.1.34]
2025-01-25T10:51:56.223+01:00  INFO 12652 --- [main] o.a.c.c.C.[Tomcat].[localhost].[/]       : Initializing Spring embedded WebApplicationContext
2025-01-25T10:51:56.224+01:00  INFO 12652 --- [main] w.s.c.ServletWebServerApplicationContext : Root WebApplicationContext: initialization completed in 2863 ms
2025-01-25T10:51:56.747+01:00  INFO 12652 --- [main] o.hibernate.jpa.internal.util.LogHelper  : HHH000204: Processing PersistenceUnitInfo [name: default]
2025-01-25T10:51:56.857+01:00  INFO 12652 --- [main] org.hibernate.Version                    : HHH000412: Hibernate ORM core version 6.6.4.Final
2025-01-25T10:51:56.927+01:00  INFO 12652 --- [main] o.h.c.internal.RegionFactoryInitiator    : HHH000026: Second-level cache disabled
2025-01-25T10:51:57.409+01:00  INFO 12652 --- [main] o.s.o.j.p.SpringPersistenceUnitInfo      : No LoadTimeWeaver setup: ignoring JPA class transformer
2025-01-25T10:51:57.458+01:00  INFO 12652 --- [main] com.zaxxer.hikari.HikariDataSource       : HikariPool-1 - Starting...
2025-01-25T10:51:57.810+01:00  INFO 12652 --- [main] com.zaxxer.hikari.pool.HikariPool        : HikariPool-1 - Added connection conn0: url=jdbc:h2:file:./leaveSystemDB user=SA
2025-01-25T10:51:57.814+01:00  INFO 12652 --- [main] com.zaxxer.hikari.HikariDataSource       : HikariPool-1 - Start completed.
2025-01-25T10:51:57.993+01:00  INFO 12652 --- [main] org.hibernate.orm.connections.pooling    : HHH10001005: Database info:
	Database JDBC URL [Connecting through datasource 'HikariDataSource (HikariPool-1)']
	Database driver: undefined/unknown
	Database version: 2.2.220
	Autocommit mode: undefined/unknown
	Isolation level: undefined/unknown
	Minimum pool size: undefined/unknown
	Maximum pool size: undefined/unknown
2025-01-25T10:51:59.654+01:00  INFO 12652 --- [main] o.h.e.t.j.p.i.JtaPlatformInitiator       : HHH000489: No JTA platform available (set 'hibernate.transaction.jta.platform' to enable JTA platform integration)
2025-01-25T10:51:59.765+01:00  INFO 12652 --- [main] j.LocalContainerEntityManagerFactoryBean : Initialized JPA EntityManagerFactory for persistence unit 'default'
2025-01-25T10:52:01.159+01:00  INFO 12652 --- [main] r$InitializeUserDetailsManagerConfigurer : Global AuthenticationManager configured with UserDetailsService bean with name userService
2025-01-25T10:52:01.194+01:00  WARN 12652 --- [main] JpaBaseConfiguration$JpaWebConfiguration : spring.jpa.open-in-view is enabled by default. Therefore, database queries may be performed during view rendering. Explicitly configure spring.jpa.open-in-view to disable this warning
2025-01-25T10:52:01.387+01:00  INFO 12652 --- [main] o.s.b.a.w.s.WelcomePageHandlerMapping    : Adding welcome page template: index
2025-01-25T10:52:02.088+01:00  INFO 12652 --- [main] o.s.b.a.e.web.EndpointLinksResolver      : Exposing 1 endpoint beneath base path '/actuator'
2025-01-25T10:52:02.172+01:00  WARN 12652 --- [main] thorizationManagerRequestMatcherRegistry : One of the patterns in [/error, calendar/**] is missing a leading slash. This is discouraged; please include the leading slash in all your request matcher patterns. In future versions of Spring Security, leaving out the leading slash will result in an exception.
2025-01-25T10:52:02.835+01:00  INFO 12652 --- [main] o.s.b.a.h2.H2ConsoleAutoConfiguration    : H2 console available at '/db'. Database available at 'jdbc:h2:file:./leaveSystemDB'
2025-01-25T10:52:03.093+01:00  INFO 12652 --- [main] o.s.b.w.embedded.tomcat.TomcatWebServer  : Tomcat started on port 8080 (http) with context path '/'
2025-01-25T10:52:03.116+01:00  INFO 12652 --- [main] holiday.HolidayApplication               : Started HolidayApplication in 10.777 seconds (process running for 11.747)
2025-01-25T10:52:04.408+01:00  INFO 12652 --- [RMI TCP Connection(2)-127.0.0.1] o.a.c.c.C.[Tomcat].[localhost].[/]       : Initializing Spring DispatcherServlet 'dispatcherServlet'
2025-01-25T10:52:04.409+01:00  INFO 12652 --- [RMI TCP Connection(2)-127.0.0.1] o.s.web.servlet.DispatcherServlet        : Initializing Servlet 'dispatcherServlet'
2025-01-25T10:52:04.412+01:00  INFO 12652 --- [RMI TCP Connection(2)-127.0.0.1] o.s.web.servlet.DispatcherServlet        : Completed initialization in 1 ms
